// Jest Snapshot v1, https://goo.gl/fbAQLP

exports[`Agendamento page renders 1`] = `
<DocumentFragment>
  <div
    class="mt-4 container"
  >
    <div
      class="row justify-content-between"
    >
      <div
        class="col"
      >
        <h1>
          Realize seu Agendamento
        </h1>
      </div>
      <div
        class="col-3"
      >
        <img
          alt="Logo do site"
          src="VaciCuidar_logo.png"
          width="250px"
        />
      </div>
    </div>
    <form
      action="#"
      class="mt-6"
    >
      <div
        class="form-group"
      >
        <b>
          Nome:
        </b>
        <input
          class="form-control"
          name="name"
          placeholder="Exemplo exemplo"
          type="text"
          value=""
        />
      </div>
      <div
        class="form-group-autofit"
      >
        <div
          class="mr-6"
        >
          <div
            class="form-group"
          >
            <div
              class="form-control"
            >
              <b
                for="birthDate"
              >
                Data de Nascimento: 
              </b>
              <br />
              <div
                class="react-datepicker-wrapper"
              >
                <div
                  class="react-datepicker__input-container"
                >
                  <input
                    autocomplete="off"
                    class=""
                    id="birthDate"
                    name="birthDate"
                    placeholder="00/00/0000"
                    type="text"
                    value=""
                  />
                </div>
              </div>
              <br />
            </div>
          </div>
        </div>
        <div
          class="ml-6"
        >
          <div
            class="form-group"
          >
            <div
              class="form-control"
            >
              <b
                for="consultationDate"
              >
                Data da consulta: 
              </b>
              <br />
              <div
                class="react-datepicker-wrapper"
              >
                <div
                  class="react-datepicker__input-container"
                >
                  <input
                    autocomplete="off"
                    class=""
                    id="consultationDate"
                    name="consultationDate"
                    placeholder="00/00/0000"
                    type="text"
                    value=""
                  />
                </div>
              </div>
              <br />
            </div>
          </div>
        </div>
      </div>
      <div
        class="form-group"
      >
        <b>
          Horário da Consulta:
        </b>
        <select
          class="form-control"
          name="consultationTime"
        >
          <option
            value="0"
          >
            Selecione um horário
          </option>
          <option
            value="08:00"
          >
            08:00
          </option>
          <option
            value="08:30"
          >
            08:30
          </option>
          <option
            value="09:00"
          >
            09:00
          </option>
          <option
            value="09:30"
          >
            09:30
          </option>
          <option
            value="10:00"
          >
            10:00
          </option>
          <option
            value="10:30"
          >
            10:30
          </option>
          <option
            value="11:00"
          >
            11:00
          </option>
          <option
            value="11:30"
          >
            11:30
          </option>
          <option
            value="12:00"
          >
            12:00
          </option>
          <option
            value="12:30"
          >
            12:30
          </option>
          <option
            value="13:00"
          >
            13:00
          </option>
          <option
            value="13:30"
          >
            13:30
          </option>
          <option
            value="14:00"
          >
            14:00
          </option>
          <option
            value="14:30"
          >
            14:30
          </option>
          <option
            value="15:00"
          >
            15:00
          </option>
          <option
            value="15:30"
          >
            15:30
          </option>
          <option
            value="16:00"
          >
            16:00
          </option>
          <option
            value="16:30"
          >
            16:30
          </option>
          <option
            value="17:00"
          >
            17:00
          </option>
          <option
            value="17:30"
          >
            17:30
          </option>
        </select>
      </div>
      <button
        class="form-button btn btn-primary"
        type="submit"
      >
        Enviar
      </button>
    </form>
    <div
      class="alert-container container"
    >
      <div
        class="alert-notifications alert-notifications-fixed"
      />
    </div>
  </div>
</DocumentFragment>
`;
